2.0
-2.0
-2.0
4.0
12.0
-18.0
-24.0
24.0
2.0
-3.0
-2.0
3.0
